// Jest Snapshot v1, https://goo.gl/fbAQLP

exports[`works 1`] = `
<div
  onMouseDown={[Function]}
  style={
    Object {
      "backgroundColor": "gray",
      "flex": 1,
    }
  }
/>
`;
